
> starter_helpi@0.1.0 test
> react-scripts test --coverage

FAIL src/App.test.tsx
  ✕ renders learn react link (67 ms)

  ● renders learn react link

    TestingLibraryElementError: Unable to find an element with the text: /learn react/i. This could be because the text is broken up by multiple elements. In this case, you can provide a function for your text matcher to make your matcher more flexible.

    Ignored nodes: comments, script, style
    [36m<body>[39m
      [36m<div>[39m
        [36m<div[39m
          [33mclass[39m=[32m"home-image"[39m
        [36m>[39m
          [36m<div[39m
            [33mclass[39m=[32m"App"[39m
          [36m>[39m
            [36m<div>[39m
              [36m<main>[39m
                [36m<div[39m
                  [33mclass[39m=[32m"home-image"[39m
                [36m>[39m
                  [36m<div[39m
                    [33mclass[39m=[32m"Header"[39m
                  [36m>[39m
                    [36m<header>[39m
                      [36m<h1[39m
                        [33mclass[39m=[32m"Header-header"[39m
                      [36m>[39m
                        [36m<b>[39m
                          [0mRocketJobs🚀[0m
                        [36m</b>[39m
                      [36m</h1>[39m
                      [36m<nav[39m
                        [33mclass[39m=[32m"Header-nav"[39m
                      [36m>[39m
                        [36m<a[39m
                          [33mhref[39m=[32m"/"[39m
                        [36m>[39m
                          [0mHome[0m
                        [36m</a>[39m
                        [36m<span>[39m
                          [0m|[0m
                        [36m</span>[39m
                        [36m<a[39m
                          [33mhref[39m=[32m"/basic"[39m
                        [36m>[39m
                          [0mBasic Quiz[0m
                        [36m</a>[39m
                        [36m<span>[39m
                          [0m|[0m
                        [36m</span>[39m
                        [36m<a[39m
                          [33mhref[39m=[32m"/detailed"[39m
                        [36m>[39m
                          [0mDetailed Quiz[0m
                        [36m</a>[39m
                        [36m<span>[39m
                          [0m|[0m
                        [36m</span>[39m
                        [36m<a[39m
                          [33mhref[39m=[32m"/results"[39m
                        [36m>[39m
                          [0mResults[0m
                        [36m</a>[39m
                        [36m<span>[39m
                          [0m|[0m
                        [36m</span>[39m
                        [36m<a[39m
                          [33mhref[39m=[32m"/about"[39m
                        [36m>[39m
                          [0mAbout[0m
                        [36m</a>[39m
                      [36m</nav>[39m
                    [36m</header>[39m
                  [36m</div>[39m
                  [36m<div[39m
                    [33mclass[39m=[32m"rocket-container"[39m
                  [36m>[39m
                    [36m<div[39m
                      [33mclass[39m=[32m"rocket-image"[39m
                    [36m/>[39m
                  [36m</div>[39m
                  [36m<div[39m
                    [33mclass[39m=[32m"star-container1"[39m
                  [36m>[39m
                    [36m<a[39m
                      [33mhref[39m=[32m"/basic"[39m
                    [36m>[39m
                      [36m<div[39m
                        [33mclass[39m=[32m"star-image1"[39m
                      [36m/>[39m
                    [36m</a>[39m
                    [36m<div[39m
                      [33mclass[39m=[32m"text-box1"[39m
                    [36m>[39m
                      [36m<div>[39m
                        [36m<span[39m
                          [33mstyle[39m=[32m"font-size: 15px;"[39m
                        [36m>[39m
                          [0mTake our Basic Career Quiz to discover your interests and preferences in the workplace! This fun and engaging quiz features a series of questions designed to gauge your feelings toward technology, problem-solving, teamwork, creativity, and leadership.[0m
                        [36m</span>[39m
                      [36m</div>[39m
                    [36m</div>[39m
                  [36m</div>[39m
                  [36m<div[39m
                    [33mclass[39m=[32m"star-container2"[39m
                  [36m>[39m
                    [36m<a[39m
                      [33mhref[39m=[32m"/detailed"[39m
                    [36m>[39m
                      [36m<div[39m
                        [33mclass[39m=[32m"star-image2"[39m
                      [36m/>[39m
                    [36m</a>[39m
                    [36m<div[39m
                      [33mclass[39m=[32m"text-box2"[39m
                    [36m>[39m
                      [36m<div>[39m
                        [36m<span[39m
                          [33mstyle[39m=[32m"font-size: 15px;"[39m
                        [36m>[39m
                          [0mDiscover your career preferences and motivations with our Detailed Career Quiz. This comprehensive seven-question quiz invites you to reflect on your experiences, work style, and long-term goals.[0m
                        [36m</span>[39m
                      [36m</div>[39m
                    [36m</div>[39m
                  [36m</div>[39m
                  [36m<footer[39m
                    [33mclass[39m=[32m"Footer"[39m
                  [36m>[39m
                    [36m<div>[39m
                      [36m<div[39m
                        [33mclass[39m=[32m"API"[39m
                      [36m>[39m
                        [36m<form[39m
                          [33mclass[39m=[32m"API-bar"[39m
                        [36m>[39m
                          [36m<label[39m
                            [33mclass[39m=[32m"form-label"[39m
                          [36m/>[39m
                          [36m<input[39m
                            [33mclass[39m=[32m"form-control"[39m
                            [33mplaceholder[39m=[32m"Insert API Key Here"[39m
                            [33mstyle[39m=[32m"width: 50%;"[39m
                            [33mtype[39m=[32m"password"[39m
                          [36m/>[39m
                          [36m<br />[39m
                          [36m<button[39m
                            [33mclass[39m=[32m"MuiButtonBase-root MuiButton-root MuiButton-contained MuiButton-containedPrimary MuiButton-sizeMedium MuiButton-containedSizeMedium MuiButton-colorPrimary MuiButton-root MuiButton-contained MuiButton-containedPrimary MuiButton-sizeMedium MuiButton-containedSizeMedium MuiButton-colorPrimary css-2orfhu-MuiButtonBase-root-MuiButton-root"[39m
                            [33mtabindex[39m=[32m"0"[39m
                            [33mtype[39m=[32m"button"[39m
                          [36m>[39m
                            [0mSubmit[0m
                          [36m</button>[39m
                        [36m</form>[39m
                      [36m</div>[39m
                    [36m</div>[39m
                  [36m</footer>[39m
                [36m</div>[39m
              [36m</main>[39m
            [36m</div>[39m
          [36m</div>[39m
        [36m</div>[39m
      [36m</div>[39m
    [36m</body>[39m

       5 | test('renders learn react link', () => {
       6 |   render(<App />);
    >  7 |   const linkElement = screen.getByText(/learn react/i);
         |                              ^
       8 |   expect(linkElement).toBeInTheDocument();
       9 | });
      10 |

      at Object.getElementError (node_modules/@testing-library/react/node_modules/@testing-library/dom/dist/config.js:37:19)
      at node_modules/@testing-library/react/node_modules/@testing-library/dom/dist/query-helpers.js:76:38
      at node_modules/@testing-library/react/node_modules/@testing-library/dom/dist/query-helpers.js:52:17
      at getByText (node_modules/@testing-library/react/node_modules/@testing-library/dom/dist/query-helpers.js:95:19)
      at Object.<anonymous> (src/App.test.tsx:7:30)
      at TestScheduler.scheduleTests (node_modules/@jest/core/build/TestScheduler.js:333:13)
      at runJest (node_modules/@jest/core/build/runJest.js:404:19)
      at _run10000 (node_modules/@jest/core/build/cli/index.js:320:7)
      at runCLI (node_modules/@jest/core/build/cli/index.js:173:3)

[0;33mOne of your dependencies, babel-preset-react-app, is importing the
"@babel/plugin-proposal-private-property-in-object" package without
declaring it in its dependencies. This is currently working because
"@babel/plugin-proposal-private-property-in-object" is already in your
node_modules folder for unrelated reasons, but it [1mmay break at any time[0;33m.

babel-preset-react-app is part of the create-react-app project, [1mwhich
is not maintianed anymore[0;33m. It is thus unlikely that this bug will
ever be fixed. Add "@babel/plugin-proposal-private-property-in-object" to
your devDependencies to work around this error. This will make this message
go away.[0m
  
-------------------------------|---------|----------|---------|---------|-------------------
File                           | % Stmts | % Branch | % Funcs | % Lines | Uncovered Line #s 
-------------------------------|---------|----------|---------|---------|-------------------
All files                      |   11.17 |     1.66 |    10.6 |   11.62 |                   
 src                           |    8.33 |        0 |   33.33 |    8.33 |                   
  App.tsx                      |     100 |      100 |     100 |     100 |                   
  index.tsx                    |       0 |      100 |     100 |       0 | 7-19              
  reportWebVitals.ts           |       0 |        0 |       0 |       0 | 3-10              
 src/components                |   27.65 |       50 |   21.73 |   27.65 |                   
  API.tsx                      |   63.63 |       50 |   33.33 |   63.63 | 13,20-26          
  Footer.tsx                   |     100 |      100 |     100 |     100 |                   
  Header.tsx                   |     100 |      100 |     100 |     100 |                   
  Layout.tsx                   |       0 |      100 |       0 |       0 | 5-6               
  ProgressBarComponent.tsx     |       0 |      100 |       0 |       0 | 9-12              
  basicquestiondescription.tsx |      50 |      100 |      50 |      50 | 4                 
  basicquestions.tsx           |       0 |      100 |       0 |       0 | 5-92              
  detaileddescription.tsx      |      50 |      100 |      50 |      50 | 4                 
 src/components/pages          |       5 |        0 |     2.5 |     5.3 |                   
  About.tsx                    |      25 |      100 |       0 |      25 | 6-37              
  Basic2.tsx                   |       0 |        0 |       0 |       0 | 11-164            
  Detailed.tsx                 |       0 |        0 |       0 |       0 | 11-235            
  Home3.tsx                    |     100 |      100 |     100 |     100 |                   
  Loading.tsx                  |    12.5 |      100 |       0 |   14.28 | 6-17              
  Results.tsx                  |       0 |        0 |       0 |       0 | 7-11              
  Results2.tsx                 |       8 |        0 |       0 |    9.09 | 43-72,76-121      
-------------------------------|---------|----------|---------|---------|-------------------
Test Suites: 1 failed, 1 total
Tests:       1 failed, 1 total
Snapshots:   0 total
Time:        4.171 s
Ran all test suites.
